// Jest Snapshot v1, https://goo.gl/fbAQLP

exports[`Render correctly <Cadastro /> should be generate snapshot 1`] = `
<div>
  <div
    class="card"
  >
    <div
      class="card-header"
    >
      Cadastro de Produto
    </div>
    <div
      class="card-body"
    >
      <form
        id="formProduto"
      >
        <div
          class="row"
        >
          <div
            class="col-md-6"
          >
            <div
              class="form-group"
            >
              <label>
                Nome: *
              </label>
              <input
                class="form-control"
                data-testid="inputNome"
                name="nome"
                type="text"
                value=""
              />
            </div>
          </div>
          <div
            class="col-md-6"
          >
            <div
              class="form-group"
            >
              <label>
                SKU: *
              </label>
              <input
                class="form-control"
                data-testid="inputSku"
                name="sku"
                type="text"
                value=""
              />
            </div>
          </div>
        </div>
        <div
          class="row"
        >
          <div
            class="col-md-12"
          >
            <div
              class="form-group"
            >
              <label>
                Descrição:
              </label>
              <textarea
                class="form-control"
                data-testid="inputDescricao"
                name="descricao"
              />
            </div>
          </div>
        </div>
        <div
          class="row"
        >
          <div
            class="col-md-12"
          >
            <div
              class="form-group"
            >
              <label>
                Fabricante: *
              </label>
              <input
                class="form-control"
                data-testid="inputFabricante"
                name="fabricante"
                value=""
              />
            </div>
          </div>
        </div>
        <div
          class="row"
        >
          <div
            class="col-md-6"
          >
            <div
              class="form-group"
            >
              <label>
                Unidade: 
              </label>
              <input
                class="form-control"
                data-testid="inputUnidade"
                name="unidade"
                type="number"
                value="0"
              />
            </div>
          </div>
          <div
            class="col-md-6"
          >
            <div
              class="form-group"
            >
              <label>
                Custo: 
              </label>
              <input
                class="form-control"
                data-testid="inputCusto"
                name="custo"
                type="text"
                value="0"
              />
            </div>
          </div>
        </div>
        <div
          class="row"
        >
          <div
            class="col-md-6"
          >
            <div
              class="form-group"
            >
              <label>
                Preço: *
              </label>
              <input
                class="form-control"
                data-testid="inputPreco"
                name="preco"
                type="number"
                value="0"
              />
            </div>
          </div>
          <div
            class="col-md-6"
          >
            <div
              class="form-group"
            >
              <label>
                Fornecedor: *
              </label>
              <input
                class="form-control"
                data-testid="inputFornecedor"
                name="fornecedor"
                type="text"
                value=""
              />
            </div>
          </div>
        </div>
        <div
          class="row"
        >
          <div
            class="col-md-1"
          >
            <button
              class="btn btn-success"
              type="submit"
            >
              Salvar
            </button>
          </div>
          <div
            class="col-md-1"
          >
            <button
              class="btn btn-primary"
            >
              Limpar
            </button>
          </div>
        </div>
      </form>
    </div>
  </div>
</div>
`;
